#-----------------------------------------------------------
# Vivado v2023.2_AR000036028_AR000036028 (64-bit)
# SW Build 4029153 on Fri Oct 13 20:14:34 MDT 2023
# IP Build 4028589 on Sat Oct 14 00:45:43 MDT 2023
# SharedData Build 4025554 on Tue Oct 10 17:18:54 MDT 2023
# Start of session at: Thu Jan 15 16:37:28 2026
# Process ID: 12440
# Current directory: Z:/EDA234/display/project_1
# Command line: vivado.exe -gui_launcher_event rodinguilauncherevent19212 Z:\EDA234\display\project_1\project_1.xpr
# Log file: Z:/EDA234/display/project_1/vivado.log
# Journal file: Z:/EDA234/display/project_1\vivado.jou
# Running On: ED4220-06, OS: Windows, CPU Frequency: 3192 MHz, CPU Physical cores: 6, Host memory: 34122 MB
#-----------------------------------------------------------
start_gui
open_project Z:/EDA234/display/project_1/project_1.xpr
update_compile_order -fileset sources_1
close [ open Z:/EDA234/display/project_1/project_1.srcs/sources_1/new/led_hold.vhd w ]
add_files Z:/EDA234/display/project_1/project_1.srcs/sources_1/new/led_hold.vhd
update_compile_order -fileset sources_1
close [ open Z:/EDA234/display/project_1/project_1.srcs/sources_1/new/voice_subsystem.vhd w ]
add_files Z:/EDA234/display/project_1/project_1.srcs/sources_1/new/voice_subsystem.vhd
update_compile_order -fileset sources_1
update_compile_order -fileset sources_1
